2026-09-04T06:49:54.824Z [INFO] POST request started: https://restful-booker.herokuapp.com/auth
2026-09-04T06:49:57.185Z [INFO] POST request completed: https://restful-booker.herokuapp.com/auth
2026-09-04T06:49:57.186Z [INFO] Response status: 200
2026-09-04T06:50:34.702Z [INFO] POST request started: https://restful-booker.herokuapp.com/auth
2026-09-04T06:50:36.300Z [INFO] POST request completed: https://restful-booker.herokuapp.com/auth
2026-09-04T06:50:36.301Z [INFO] Response status: 200
2026-09-04T08:36:34.646Z [INFO] POST request started: https://restful-booker.herokuapp.com/auth
2026-09-04T08:36:36.157Z [INFO] POST request completed: https://restful-booker.herokuapp.com/auth
2026-09-04T08:36:36.157Z [INFO] Response status: 200
2026-09-04T08:36:36.210Z [INFO] POST request started: https://restful-booker.herokuapp.com/auth
2026-09-04T08:36:36.548Z [INFO] POST request completed: https://restful-booker.herokuapp.com/auth
2026-09-04T08:36:36.549Z [INFO] Response status: 200
2026-09-04T08:38:45.701Z [INFO] POST request started: https://restful-booker.herokuapp.com/auth
2026-09-04T08:38:47.321Z [INFO] POST request completed: https://restful-booker.herokuapp.com/auth
2026-09-04T08:38:47.321Z [INFO] Response status: 200
2026-09-04T08:38:47.373Z [INFO] POST request started: https://restful-booker.herokuapp.com/auth
2026-09-04T08:38:47.725Z [INFO] POST request completed: https://restful-booker.herokuapp.com/auth
2026-09-04T08:38:47.725Z [INFO] Response status: 200
2026-09-04T08:39:43.320Z [INFO] POST request started: https://restful-booker.herokuapp.com/auth
2026-09-04T08:39:45.073Z [INFO] POST request completed: https://restful-booker.herokuapp.com/auth
2026-09-04T08:39:45.074Z [INFO] Response status: 200
2026-09-04T08:39:45.117Z [INFO] POST request started: https://restful-booker.herokuapp.com/auth
2026-09-04T08:39:45.378Z [INFO] POST request completed: https://restful-booker.herokuapp.com/auth
2026-09-04T08:39:45.378Z [INFO] Response status: 200
2026-09-04T08:40:28.333Z [INFO] POST request started: https://restful-booker.herokuapp.com/auth
2026-09-04T08:40:29.930Z [INFO] POST request completed: https://restful-booker.herokuapp.com/auth
2026-09-04T08:40:29.931Z [INFO] Response status: 200
2026-09-04T08:40:29.985Z [INFO] POST request started: https://restful-booker.herokuapp.com/auth
2026-09-04T08:40:30.638Z [INFO] POST request completed: https://restful-booker.herokuapp.com/auth
2026-09-04T08:40:30.638Z [INFO] Response status: 200
2026-09-04T08:41:26.883Z [INFO] POST request started: https://restful-booker.herokuapp.com/auth
2026-09-04T08:41:29.122Z [INFO] POST request completed: https://restful-booker.herokuapp.com/auth
2026-09-04T08:41:29.122Z [INFO] Response status: 200
2026-09-04T08:41:29.168Z [INFO] POST request started: https://restful-booker.herokuapp.com/auth
2026-09-04T08:41:29.455Z [INFO] POST request completed: https://restful-booker.herokuapp.com/auth
2026-09-04T08:41:29.455Z [INFO] Response status: 200
2026-09-04T09:00:38.584Z [INFO] POST request started: https://restful-booker.herokuapp.com/auth
2026-09-04T09:00:39.865Z [INFO] POST request completed: https://restful-booker.herokuapp.com/auth
2026-09-04T09:00:39.865Z [INFO] Response status: 200
2026-09-04T09:00:39.925Z [INFO] POST request started: https://restful-booker.herokuapp.com/auth
2026-09-04T09:00:40.193Z [INFO] POST request completed: https://restful-booker.herokuapp.com/auth
2026-09-04T09:00:40.193Z [INFO] Response status: 200
2026-09-04T09:09:54.079Z [INFO] POST request started: https://restful-booker.herokuapp.com/auth
2026-09-04T09:09:55.636Z [INFO] POST request completed: https://restful-booker.herokuapp.com/auth
2026-09-04T09:09:55.637Z [INFO] Response status: 200
2026-09-04T09:09:55.700Z [INFO] POST request started: https://restful-booker.herokuapp.com/auth
2026-09-04T09:09:56.442Z [INFO] POST request completed: https://restful-booker.herokuapp.com/auth
2026-09-04T09:09:56.443Z [INFO] Response status: 200
2026-09-04T09:09:56.465Z [INFO] POST request started: https://restful-booker.herokuapp.com/auth
2026-09-04T09:09:56.855Z [INFO] POST request completed: https://restful-booker.herokuapp.com/auth
2026-09-04T09:09:56.855Z [INFO] Response status: 200
2026-09-04T09:10:58.959Z [INFO] POST request started: https://restful-booker.herokuapp.com/auth
2026-09-04T09:11:00.771Z [INFO] POST request completed: https://restful-booker.herokuapp.com/auth
2026-09-04T09:11:00.771Z [INFO] Response status: 200
2026-09-04T09:11:00.819Z [INFO] POST request started: https://restful-booker.herokuapp.com/auth
2026-09-04T09:11:01.165Z [INFO] POST request completed: https://restful-booker.herokuapp.com/auth
2026-09-04T09:11:01.165Z [INFO] Response status: 200
2026-09-04T09:11:01.189Z [INFO] POST request started: https://restful-booker.herokuapp.com/auth
2026-09-04T09:11:01.574Z [INFO] POST request completed: https://restful-booker.herokuapp.com/auth
2026-09-04T09:11:01.575Z [INFO] Response status: 200
2026-09-04T09:11:01.595Z [INFO] POST request started: https://restful-booker.herokuapp.com/auth
2026-09-04T09:11:01.983Z [INFO] POST request completed: https://restful-booker.herokuapp.com/auth
2026-09-04T09:11:01.983Z [INFO] Response status: 200
2026-09-04T09:11:01.999Z [INFO] POST request started: https://restful-booker.herokuapp.com/auth
2026-09-04T09:11:02.391Z [INFO] POST request completed: https://restful-booker.herokuapp.com/auth
2026-09-04T09:11:02.391Z [INFO] Response status: 200
2026-09-04T09:11:02.403Z [INFO] POST request started: https://restful-booker.herokuapp.com/auth
2026-09-04T09:11:02.802Z [INFO] POST request completed: https://restful-booker.herokuapp.com/auth
2026-09-04T09:11:02.802Z [INFO] Response status: 200
2026-09-04T09:11:02.825Z [INFO] POST request started: https://restful-booker.herokuapp.com/auth
2026-09-04T09:11:03.416Z [INFO] POST request completed: https://restful-booker.herokuapp.com/auth
2026-09-04T09:11:03.416Z [INFO] Response status: 200
2026-09-04T09:11:03.431Z [INFO] POST request started: https://restful-booker.herokuapp.com/auth
2026-09-04T09:11:03.826Z [INFO] POST request completed: https://restful-booker.herokuapp.com/auth
2026-09-04T09:11:03.826Z [INFO] Response status: 200
2026-09-04T09:11:03.844Z [INFO] POST request started: https://restful-booker.herokuapp.com/auth
2026-09-04T09:11:04.345Z [INFO] POST request completed: https://restful-booker.herokuapp.com/auth
2026-09-04T09:11:04.345Z [INFO] Response status: 200
2026-09-04T09:11:04.364Z [INFO] POST request started: https://restful-booker.herokuapp.com/auth
2026-09-04T09:11:04.748Z [INFO] POST request completed: https://restful-booker.herokuapp.com/auth
2026-09-04T09:11:04.749Z [INFO] Response status: 200
2026-09-04T09:11:04.770Z [INFO] POST request started: https://restful-booker.herokuapp.com/auth
2026-09-04T09:11:05.535Z [INFO] POST request completed: https://restful-booker.herokuapp.com/auth
2026-09-04T09:11:05.535Z [INFO] Response status: 200
2026-09-04T09:12:00.141Z [INFO] POST request started: https://restful-booker.herokuapp.com/auth
2026-09-04T09:12:01.794Z [INFO] POST request completed: https://restful-booker.herokuapp.com/auth
2026-09-04T09:12:01.794Z [INFO] Response status: 200
2026-09-04T09:12:01.876Z [INFO] POST request started: https://restful-booker.herokuapp.com/auth
2026-09-04T09:12:02.580Z [INFO] POST request completed: https://restful-booker.herokuapp.com/auth
2026-09-04T09:12:02.580Z [INFO] Response status: 200
2026-09-04T09:12:02.597Z [INFO] POST request started: https://restful-booker.herokuapp.com/auth
2026-09-04T09:12:03.014Z [INFO] POST request completed: https://restful-booker.herokuapp.com/auth
2026-09-04T09:12:03.014Z [INFO] Response status: 200
2026-09-04T09:12:03.028Z [INFO] POST request started: https://restful-booker.herokuapp.com/auth
2026-09-04T09:12:03.428Z [INFO] POST request completed: https://restful-booker.herokuapp.com/auth
2026-09-04T09:12:03.428Z [INFO] Response status: 200
2026-09-04T09:12:03.465Z [INFO] POST request started: https://restful-booker.herokuapp.com/auth
2026-09-04T09:12:03.833Z [INFO] POST request completed: https://restful-booker.herokuapp.com/auth
2026-09-04T09:12:03.833Z [INFO] Response status: 200
2026-09-04T09:12:03.850Z [INFO] POST request started: https://restful-booker.herokuapp.com/auth
2026-09-04T09:12:04.344Z [INFO] POST request completed: https://restful-booker.herokuapp.com/auth
2026-09-04T09:12:04.344Z [INFO] Response status: 200
2026-09-04T09:12:04.356Z [INFO] POST request started: https://restful-booker.herokuapp.com/auth
2026-09-04T09:12:04.755Z [INFO] POST request completed: https://restful-booker.herokuapp.com/auth
2026-09-04T09:12:04.755Z [INFO] Response status: 200
2026-09-04T09:12:04.780Z [INFO] POST request started: https://restful-booker.herokuapp.com/auth
2026-09-04T09:12:05.074Z [INFO] POST request completed: https://restful-booker.herokuapp.com/auth
2026-09-04T09:12:05.074Z [INFO] Response status: 200
2026-09-04T09:12:05.084Z [INFO] POST request started: https://restful-booker.herokuapp.com/auth
2026-09-04T09:12:05.473Z [INFO] POST request completed: https://restful-booker.herokuapp.com/auth
2026-09-04T09:12:05.474Z [INFO] Response status: 200
2026-09-04T09:12:05.491Z [INFO] POST request started: https://restful-booker.herokuapp.com/auth
2026-09-04T09:12:05.879Z [INFO] POST request completed: https://restful-booker.herokuapp.com/auth
2026-09-04T09:12:05.879Z [INFO] Response status: 200
2026-09-04T09:12:05.890Z [INFO] POST request started: https://restful-booker.herokuapp.com/auth
2026-09-04T09:12:06.544Z [INFO] POST request completed: https://restful-booker.herokuapp.com/auth
2026-09-04T09:12:06.544Z [INFO] Response status: 200
2026-09-04T09:12:36.174Z [INFO] POST request started: https://restful-booker.herokuapp.com/auth
2026-09-04T09:12:37.567Z [INFO] POST request completed: https://restful-booker.herokuapp.com/auth
2026-09-04T09:12:37.567Z [INFO] Response status: 200
2026-09-04T09:12:37.623Z [INFO] POST request started: https://restful-booker.herokuapp.com/auth
2026-09-04T09:12:38.031Z [INFO] POST request completed: https://restful-booker.herokuapp.com/auth
2026-09-04T09:12:38.031Z [INFO] Response status: 200
2026-09-04T09:12:38.044Z [INFO] POST request started: https://restful-booker.herokuapp.com/auth
2026-09-04T09:12:38.386Z [INFO] POST request completed: https://restful-booker.herokuapp.com/auth
2026-09-04T09:12:38.386Z [INFO] Response status: 200
2026-09-04T09:12:38.396Z [INFO] POST request started: https://restful-booker.herokuapp.com/auth
2026-09-04T09:12:38.662Z [INFO] POST request completed: https://restful-booker.herokuapp.com/auth
2026-09-04T09:12:38.662Z [INFO] Response status: 200
2026-09-04T09:12:38.679Z [INFO] POST request started: https://restful-booker.herokuapp.com/auth
2026-09-04T09:12:38.943Z [INFO] POST request completed: https://restful-booker.herokuapp.com/auth
2026-09-04T09:12:38.944Z [INFO] Response status: 200
2026-09-04T09:12:38.956Z [INFO] POST request started: https://restful-booker.herokuapp.com/auth
2026-09-04T09:12:39.221Z [INFO] POST request completed: https://restful-booker.herokuapp.com/auth
2026-09-04T09:12:39.221Z [INFO] Response status: 200
2026-09-04T09:12:39.230Z [INFO] POST request started: https://restful-booker.herokuapp.com/auth
2026-09-04T09:12:39.498Z [INFO] POST request completed: https://restful-booker.herokuapp.com/auth
2026-09-04T09:12:39.498Z [INFO] Response status: 200
2026-09-04T09:12:39.507Z [INFO] POST request started: https://restful-booker.herokuapp.com/auth
2026-09-04T09:12:39.772Z [INFO] POST request completed: https://restful-booker.herokuapp.com/auth
2026-09-04T09:12:39.773Z [INFO] Response status: 200
2026-09-04T09:12:39.784Z [INFO] POST request started: https://restful-booker.herokuapp.com/auth
2026-09-04T09:12:40.051Z [INFO] POST request completed: https://restful-booker.herokuapp.com/auth
2026-09-04T09:12:40.051Z [INFO] Response status: 200
2026-09-04T09:12:40.061Z [INFO] POST request started: https://restful-booker.herokuapp.com/auth
2026-09-04T09:12:40.334Z [INFO] POST request completed: https://restful-booker.herokuapp.com/auth
2026-09-04T09:12:40.334Z [INFO] Response status: 200
2026-09-04T09:12:40.347Z [INFO] POST request started: https://restful-booker.herokuapp.com/auth
2026-09-04T09:12:40.627Z [INFO] POST request completed: https://restful-booker.herokuapp.com/auth
2026-09-04T09:12:40.627Z [INFO] Response status: 200
2026-09-04T09:38:59.016Z [INFO] POST request started: https://restful-booker.herokuapp.com/booking
2026-09-04T09:39:00.653Z [INFO] POST request completed: https://restful-booker.herokuapp.com/booking
2026-09-04T09:39:00.653Z [INFO] Response status: 200
2026-09-04T09:39:00.702Z [INFO] POST request started: https://restful-booker.herokuapp.com/booking
2026-09-04T09:39:01.444Z [INFO] POST request completed: https://restful-booker.herokuapp.com/booking
2026-09-04T09:39:01.445Z [INFO] Response status: 500
2026-09-04T09:39:01.463Z [INFO] POST request started: https://restful-booker.herokuapp.com/booking
2026-09-04T09:39:01.872Z [INFO] POST request completed: https://restful-booker.herokuapp.com/booking
2026-09-04T09:39:01.873Z [INFO] Response status: 200
2026-09-04T09:39:01.885Z [INFO] POST request started: https://restful-booker.herokuapp.com/booking
2026-09-04T09:39:02.285Z [INFO] POST request completed: https://restful-booker.herokuapp.com/booking
2026-09-04T09:39:02.285Z [INFO] Response status: 500
2026-09-04T09:39:02.297Z [INFO] POST request started: https://restful-booker.herokuapp.com/booking
2026-09-04T09:39:02.699Z [INFO] POST request completed: https://restful-booker.herokuapp.com/booking
2026-09-04T09:39:02.700Z [INFO] Response status: 200
2026-09-04T09:39:02.716Z [INFO] POST request started: https://restful-booker.herokuapp.com/booking
2026-09-04T09:39:03.178Z [INFO] POST request completed: https://restful-booker.herokuapp.com/booking
2026-09-04T09:39:03.178Z [INFO] Response status: 200
2026-09-04T09:39:03.187Z [INFO] POST request started: https://restful-booker.herokuapp.com/booking
2026-09-04T09:39:03.590Z [INFO] POST request completed: https://restful-booker.herokuapp.com/booking
2026-09-04T09:39:03.590Z [INFO] Response status: 500
2026-09-04T09:39:03.600Z [INFO] POST request started: https://restful-booker.herokuapp.com/booking
2026-09-04T09:39:03.955Z [INFO] POST request completed: https://restful-booker.herokuapp.com/booking
2026-09-04T09:39:03.955Z [INFO] Response status: 200
2026-09-04T09:39:03.963Z [INFO] POST request started: https://restful-booker.herokuapp.com/booking
2026-09-04T09:39:04.330Z [INFO] POST request completed: https://restful-booker.herokuapp.com/booking
2026-09-04T09:39:04.330Z [INFO] Response status: 500
2026-09-04T09:39:25.044Z [INFO] POST request started: https://restful-booker.herokuapp.com/booking
2026-09-04T09:39:26.693Z [INFO] POST request completed: https://restful-booker.herokuapp.com/booking
2026-09-04T09:39:26.694Z [INFO] Response status: 200
2026-09-04T09:39:26.755Z [INFO] POST request started: https://restful-booker.herokuapp.com/booking
2026-09-04T09:39:27.168Z [INFO] POST request completed: https://restful-booker.herokuapp.com/booking
2026-09-04T09:39:27.168Z [INFO] Response status: 500
2026-09-04T09:39:27.197Z [INFO] POST request started: https://restful-booker.herokuapp.com/booking
2026-09-04T09:39:27.576Z [INFO] POST request completed: https://restful-booker.herokuapp.com/booking
2026-09-04T09:39:27.577Z [INFO] Response status: 200
2026-09-04T09:39:27.590Z [INFO] POST request started: https://restful-booker.herokuapp.com/booking
2026-09-04T09:39:27.985Z [INFO] POST request completed: https://restful-booker.herokuapp.com/booking
2026-09-04T09:39:27.985Z [INFO] Response status: 500
2026-09-04T09:39:28.018Z [INFO] POST request started: https://restful-booker.herokuapp.com/booking
2026-09-04T09:39:28.291Z [INFO] POST request completed: https://restful-booker.herokuapp.com/booking
2026-09-04T09:39:28.291Z [INFO] Response status: 200
2026-09-04T09:39:28.303Z [INFO] POST request started: https://restful-booker.herokuapp.com/booking
2026-09-04T09:39:28.702Z [INFO] POST request completed: https://restful-booker.herokuapp.com/booking
2026-09-04T09:39:28.702Z [INFO] Response status: 200
2026-09-04T09:39:28.713Z [INFO] POST request started: https://restful-booker.herokuapp.com/booking
2026-09-04T09:39:29.112Z [INFO] POST request completed: https://restful-booker.herokuapp.com/booking
2026-09-04T09:39:29.113Z [INFO] Response status: 500
2026-09-04T09:39:29.132Z [INFO] POST request started: https://restful-booker.herokuapp.com/booking
2026-09-04T09:39:29.520Z [INFO] POST request completed: https://restful-booker.herokuapp.com/booking
2026-09-04T09:39:29.520Z [INFO] Response status: 200
2026-09-04T09:39:29.535Z [INFO] POST request started: https://restful-booker.herokuapp.com/booking
2026-09-04T09:39:29.933Z [INFO] POST request completed: https://restful-booker.herokuapp.com/booking
2026-09-04T09:39:29.934Z [INFO] Response status: 500
2026-09-04T09:40:44.480Z [INFO] POST request started: https://restful-booker.herokuapp.com/auth
2026-09-04T09:40:46.026Z [INFO] POST request completed: https://restful-booker.herokuapp.com/auth
2026-09-04T09:40:46.027Z [INFO] Response status: 200
2026-09-04T09:40:46.076Z [INFO] POST request started: https://restful-booker.herokuapp.com/auth
2026-09-04T09:40:46.428Z [INFO] POST request completed: https://restful-booker.herokuapp.com/auth
2026-09-04T09:40:46.428Z [INFO] Response status: 200
2026-09-04T09:40:46.452Z [INFO] POST request started: https://restful-booker.herokuapp.com/auth
2026-09-04T09:40:46.740Z [INFO] POST request completed: https://restful-booker.herokuapp.com/auth
2026-09-04T09:40:46.741Z [INFO] Response status: 200
2026-09-04T09:40:46.752Z [INFO] POST request started: https://restful-booker.herokuapp.com/auth
2026-09-04T09:40:47.142Z [INFO] POST request completed: https://restful-booker.herokuapp.com/auth
2026-09-04T09:40:47.142Z [INFO] Response status: 200
2026-09-04T09:40:47.161Z [INFO] POST request started: https://restful-booker.herokuapp.com/auth
2026-09-04T09:40:47.551Z [INFO] POST request completed: https://restful-booker.herokuapp.com/auth
2026-09-04T09:40:47.551Z [INFO] Response status: 200
2026-09-04T09:40:47.563Z [INFO] POST request started: https://restful-booker.herokuapp.com/auth
2026-09-04T09:40:47.960Z [INFO] POST request completed: https://restful-booker.herokuapp.com/auth
2026-09-04T09:40:47.960Z [INFO] Response status: 200
2026-09-04T09:40:47.968Z [INFO] POST request started: https://restful-booker.herokuapp.com/auth
2026-09-04T09:40:48.373Z [INFO] POST request completed: https://restful-booker.herokuapp.com/auth
2026-09-04T09:40:48.373Z [INFO] Response status: 200
2026-09-04T09:40:48.397Z [INFO] POST request started: https://restful-booker.herokuapp.com/auth
2026-09-04T09:40:48.686Z [INFO] POST request completed: https://restful-booker.herokuapp.com/auth
2026-09-04T09:40:48.686Z [INFO] Response status: 200
2026-09-04T09:40:48.697Z [INFO] POST request started: https://restful-booker.herokuapp.com/auth
2026-09-04T09:40:49.087Z [INFO] POST request completed: https://restful-booker.herokuapp.com/auth
2026-09-04T09:40:49.087Z [INFO] Response status: 200
2026-09-04T09:40:49.097Z [INFO] POST request started: https://restful-booker.herokuapp.com/auth
2026-09-04T09:40:49.499Z [INFO] POST request completed: https://restful-booker.herokuapp.com/auth
2026-09-04T09:40:49.499Z [INFO] Response status: 200
2026-09-04T09:40:49.513Z [INFO] POST request started: https://restful-booker.herokuapp.com/auth
2026-09-04T09:40:49.907Z [INFO] POST request completed: https://restful-booker.herokuapp.com/auth
2026-09-04T09:40:49.907Z [INFO] Response status: 200
2026-09-04T09:40:49.923Z [INFO] POST request started: https://restful-booker.herokuapp.com/booking
2026-09-04T09:40:50.317Z [INFO] POST request completed: https://restful-booker.herokuapp.com/booking
2026-09-04T09:40:50.317Z [INFO] Response status: 200
2026-09-04T09:40:50.338Z [INFO] POST request started: https://restful-booker.herokuapp.com/booking
2026-09-04T09:40:50.726Z [INFO] POST request completed: https://restful-booker.herokuapp.com/booking
2026-09-04T09:40:50.726Z [INFO] Response status: 500
2026-09-04T09:40:50.733Z [INFO] POST request started: https://restful-booker.herokuapp.com/booking
2026-09-04T09:40:51.135Z [INFO] POST request completed: https://restful-booker.herokuapp.com/booking
2026-09-04T09:40:51.136Z [INFO] Response status: 200
2026-09-04T09:40:51.147Z [INFO] POST request started: https://restful-booker.herokuapp.com/booking
2026-09-04T09:40:51.546Z [INFO] POST request completed: https://restful-booker.herokuapp.com/booking
2026-09-04T09:40:51.546Z [INFO] Response status: 500
2026-09-04T09:40:51.556Z [INFO] POST request started: https://restful-booker.herokuapp.com/booking
2026-09-04T09:40:51.954Z [INFO] POST request completed: https://restful-booker.herokuapp.com/booking
2026-09-04T09:40:51.955Z [INFO] Response status: 200
2026-09-04T09:40:51.969Z [INFO] POST request started: https://restful-booker.herokuapp.com/booking
2026-09-04T09:40:52.909Z [INFO] POST request completed: https://restful-booker.herokuapp.com/booking
2026-09-04T09:40:52.909Z [INFO] Response status: 200
2026-09-04T09:40:52.920Z [INFO] POST request started: https://restful-booker.herokuapp.com/booking
2026-09-04T09:40:53.319Z [INFO] POST request completed: https://restful-booker.herokuapp.com/booking
2026-09-04T09:40:53.319Z [INFO] Response status: 500
2026-09-04T09:40:53.328Z [INFO] POST request started: https://restful-booker.herokuapp.com/booking
2026-09-04T09:40:53.695Z [INFO] POST request completed: https://restful-booker.herokuapp.com/booking
2026-09-04T09:40:53.695Z [INFO] Response status: 200
2026-09-04T09:40:53.708Z [INFO] POST request started: https://restful-booker.herokuapp.com/booking
2026-09-04T09:40:54.104Z [INFO] POST request completed: https://restful-booker.herokuapp.com/booking
2026-09-04T09:40:54.104Z [INFO] Response status: 500
2026-09-05T09:23:03.067Z [INFO] POST request started: https://restful-booker.herokuapp.com/auth
2026-09-05T09:23:04.293Z [INFO] POST request completed: https://restful-booker.herokuapp.com/auth
2026-09-05T09:23:04.293Z [INFO] Response status: 200
2026-09-05T09:23:04.349Z [INFO] POST request started: https://restful-booker.herokuapp.com/auth
2026-09-05T09:23:04.698Z [INFO] POST request completed: https://restful-booker.herokuapp.com/auth
2026-09-05T09:23:04.698Z [INFO] Response status: 200
2026-09-05T09:23:04.712Z [INFO] POST request started: https://restful-booker.herokuapp.com/auth
2026-09-05T09:23:05.012Z [INFO] POST request completed: https://restful-booker.herokuapp.com/auth
2026-09-05T09:23:05.012Z [INFO] Response status: 200
2026-09-05T09:23:05.029Z [INFO] POST request started: https://restful-booker.herokuapp.com/auth
2026-09-05T09:23:05.414Z [INFO] POST request completed: https://restful-booker.herokuapp.com/auth
2026-09-05T09:23:05.414Z [INFO] Response status: 200
2026-09-05T09:23:05.433Z [INFO] POST request started: https://restful-booker.herokuapp.com/auth
2026-09-05T09:23:05.727Z [INFO] POST request completed: https://restful-booker.herokuapp.com/auth
2026-09-05T09:23:05.727Z [INFO] Response status: 200
2026-09-05T09:23:05.737Z [INFO] POST request started: https://restful-booker.herokuapp.com/auth
2026-09-05T09:23:06.030Z [INFO] POST request completed: https://restful-booker.herokuapp.com/auth
2026-09-05T09:23:06.030Z [INFO] Response status: 200
2026-09-05T09:23:06.040Z [INFO] POST request started: https://restful-booker.herokuapp.com/auth
2026-09-05T09:23:06.336Z [INFO] POST request completed: https://restful-booker.herokuapp.com/auth
2026-09-05T09:23:06.336Z [INFO] Response status: 200
2026-09-05T09:23:06.346Z [INFO] POST request started: https://restful-booker.herokuapp.com/auth
2026-09-05T09:23:06.643Z [INFO] POST request completed: https://restful-booker.herokuapp.com/auth
2026-09-05T09:23:06.643Z [INFO] Response status: 200
2026-09-05T09:23:06.651Z [INFO] POST request started: https://restful-booker.herokuapp.com/auth
2026-09-05T09:23:07.570Z [INFO] POST request completed: https://restful-booker.herokuapp.com/auth
2026-09-05T09:23:07.570Z [INFO] Response status: 200
2026-09-05T09:23:07.581Z [INFO] POST request started: https://restful-booker.herokuapp.com/auth
2026-09-05T09:23:07.873Z [INFO] POST request completed: https://restful-booker.herokuapp.com/auth
2026-09-05T09:23:07.873Z [INFO] Response status: 200
2026-09-05T09:23:07.881Z [INFO] POST request started: https://restful-booker.herokuapp.com/auth
2026-09-05T09:23:08.180Z [INFO] POST request completed: https://restful-booker.herokuapp.com/auth
2026-09-05T09:23:08.180Z [INFO] Response status: 200
2026-09-05T09:23:08.205Z [INFO] POST request started: https://restful-booker.herokuapp.com/booking
2026-09-05T09:23:08.592Z [INFO] POST request completed: https://restful-booker.herokuapp.com/booking
2026-09-05T09:23:08.592Z [INFO] Response status: 200
2026-09-05T09:23:09.373Z [INFO] POST request started: https://restful-booker.herokuapp.com/booking
2026-09-05T09:23:10.746Z [INFO] POST request completed: https://restful-booker.herokuapp.com/booking
2026-09-05T09:23:10.747Z [INFO] Response status: 500
2026-09-05T09:23:10.775Z [INFO] POST request started: https://restful-booker.herokuapp.com/booking
2026-09-05T09:23:11.055Z [INFO] POST request completed: https://restful-booker.herokuapp.com/booking
2026-09-05T09:23:11.055Z [INFO] Response status: 200
2026-09-05T09:23:11.100Z [INFO] POST request started: https://restful-booker.herokuapp.com/booking
2026-09-05T09:23:11.456Z [INFO] POST request completed: https://restful-booker.herokuapp.com/booking
2026-09-05T09:23:11.456Z [INFO] Response status: 500
2026-09-05T09:23:11.464Z [INFO] POST request started: https://restful-booker.herokuapp.com/booking
2026-09-05T09:23:11.762Z [INFO] POST request completed: https://restful-booker.herokuapp.com/booking
2026-09-05T09:23:11.762Z [INFO] Response status: 200
2026-09-05T09:23:11.776Z [INFO] POST request started: https://restful-booker.herokuapp.com/booking
2026-09-05T09:23:12.071Z [INFO] POST request completed: https://restful-booker.herokuapp.com/booking
2026-09-05T09:23:12.071Z [INFO] Response status: 200
2026-09-05T09:23:12.080Z [INFO] POST request started: https://restful-booker.herokuapp.com/booking
2026-09-05T09:23:12.390Z [INFO] POST request completed: https://restful-booker.herokuapp.com/booking
2026-09-05T09:23:12.390Z [INFO] Response status: 500
2026-09-05T09:23:12.397Z [INFO] POST request started: https://restful-booker.herokuapp.com/booking
2026-09-05T09:23:12.685Z [INFO] POST request completed: https://restful-booker.herokuapp.com/booking
2026-09-05T09:23:12.686Z [INFO] Response status: 200
2026-09-05T09:23:12.704Z [INFO] POST request started: https://restful-booker.herokuapp.com/booking
2026-09-05T09:23:12.991Z [INFO] POST request completed: https://restful-booker.herokuapp.com/booking
2026-09-05T09:23:12.991Z [INFO] Response status: 500
2026-09-05T09:24:55.300Z [INFO] POST request started: https://restful-booker.herokuapp.com/auth
2026-09-05T09:24:56.567Z [INFO] POST request completed: https://restful-booker.herokuapp.com/auth
2026-09-05T09:24:56.568Z [INFO] Response status: 200
2026-09-05T09:24:56.618Z [INFO] POST request started: https://restful-booker.herokuapp.com/auth
2026-09-05T09:24:56.896Z [INFO] POST request completed: https://restful-booker.herokuapp.com/auth
2026-09-05T09:24:56.896Z [INFO] Response status: 200
2026-09-05T09:24:56.912Z [INFO] POST request started: https://restful-booker.herokuapp.com/auth
2026-09-05T09:24:57.189Z [INFO] POST request completed: https://restful-booker.herokuapp.com/auth
2026-09-05T09:24:57.189Z [INFO] Response status: 200
2026-09-05T09:24:57.201Z [INFO] POST request started: https://restful-booker.herokuapp.com/auth
2026-09-05T09:24:57.478Z [INFO] POST request completed: https://restful-booker.herokuapp.com/auth
2026-09-05T09:24:57.478Z [INFO] Response status: 200
2026-09-05T09:24:57.491Z [INFO] POST request started: https://restful-booker.herokuapp.com/auth
2026-09-05T09:24:57.771Z [INFO] POST request completed: https://restful-booker.herokuapp.com/auth
2026-09-05T09:24:57.771Z [INFO] Response status: 200
2026-09-05T09:24:57.787Z [INFO] POST request started: https://restful-booker.herokuapp.com/auth
2026-09-05T09:24:58.064Z [INFO] POST request completed: https://restful-booker.herokuapp.com/auth
2026-09-05T09:24:58.064Z [INFO] Response status: 200
2026-09-05T09:24:58.076Z [INFO] POST request started: https://restful-booker.herokuapp.com/auth
2026-09-05T09:24:58.362Z [INFO] POST request completed: https://restful-booker.herokuapp.com/auth
2026-09-05T09:24:58.362Z [INFO] Response status: 200
2026-09-05T09:24:58.370Z [INFO] POST request started: https://restful-booker.herokuapp.com/auth
2026-09-05T09:24:58.648Z [INFO] POST request completed: https://restful-booker.herokuapp.com/auth
2026-09-05T09:24:58.648Z [INFO] Response status: 200
2026-09-05T09:24:58.659Z [INFO] POST request started: https://restful-booker.herokuapp.com/auth
2026-09-05T09:24:58.939Z [INFO] POST request completed: https://restful-booker.herokuapp.com/auth
2026-09-05T09:24:58.939Z [INFO] Response status: 200
2026-09-05T09:24:58.948Z [INFO] POST request started: https://restful-booker.herokuapp.com/auth
2026-09-05T09:24:59.749Z [INFO] POST request completed: https://restful-booker.herokuapp.com/auth
2026-09-05T09:24:59.749Z [INFO] Response status: 200
2026-09-05T09:24:59.765Z [INFO] POST request started: https://restful-booker.herokuapp.com/auth
2026-09-05T09:25:00.045Z [INFO] POST request completed: https://restful-booker.herokuapp.com/auth
2026-09-05T09:25:00.045Z [INFO] Response status: 200
2026-09-05T09:25:00.063Z [INFO] POST request started: https://restful-booker.herokuapp.com/booking
2026-09-05T09:25:00.347Z [INFO] POST request completed: https://restful-booker.herokuapp.com/booking
2026-09-05T09:25:00.347Z [INFO] Response status: 200
2026-09-05T09:25:01.107Z [INFO] POST request started: https://restful-booker.herokuapp.com/booking
2026-09-05T09:25:02.849Z [INFO] POST request completed: https://restful-booker.herokuapp.com/booking
2026-09-05T09:25:02.850Z [INFO] Response status: 500
2026-09-05T09:25:02.872Z [INFO] POST request started: https://restful-booker.herokuapp.com/booking
2026-09-05T09:25:03.151Z [INFO] POST request completed: https://restful-booker.herokuapp.com/booking
2026-09-05T09:25:03.151Z [INFO] Response status: 200
2026-09-05T09:25:03.194Z [INFO] POST request started: https://restful-booker.herokuapp.com/booking
2026-09-05T09:25:03.473Z [INFO] POST request completed: https://restful-booker.herokuapp.com/booking
2026-09-05T09:25:03.473Z [INFO] Response status: 500
2026-09-05T09:25:03.489Z [INFO] POST request started: https://restful-booker.herokuapp.com/booking
2026-09-05T09:25:03.792Z [INFO] POST request completed: https://restful-booker.herokuapp.com/booking
2026-09-05T09:25:03.793Z [INFO] Response status: 200
2026-09-05T09:25:03.818Z [INFO] POST request started: https://restful-booker.herokuapp.com/booking
2026-09-05T09:25:04.201Z [INFO] POST request completed: https://restful-booker.herokuapp.com/booking
2026-09-05T09:25:04.201Z [INFO] Response status: 200
2026-09-05T09:25:04.209Z [INFO] POST request started: https://restful-booker.herokuapp.com/booking
2026-09-05T09:25:04.512Z [INFO] POST request completed: https://restful-booker.herokuapp.com/booking
2026-09-05T09:25:04.512Z [INFO] Response status: 500
2026-09-05T09:25:04.524Z [INFO] POST request started: https://restful-booker.herokuapp.com/booking
2026-09-05T09:25:04.816Z [INFO] POST request completed: https://restful-booker.herokuapp.com/booking
2026-09-05T09:25:04.816Z [INFO] Response status: 200
2026-09-05T09:25:04.830Z [INFO] POST request started: https://restful-booker.herokuapp.com/booking
2026-09-05T09:25:05.122Z [INFO] POST request completed: https://restful-booker.herokuapp.com/booking
2026-09-05T09:25:05.123Z [INFO] Response status: 500
2026-09-05T09:26:15.431Z [INFO] POST request started: https://restful-booker.herokuapp.com/booking
2026-09-05T09:26:16.808Z [INFO] POST request completed: https://restful-booker.herokuapp.com/booking
2026-09-05T09:26:16.808Z [INFO] Response status: 200
2026-09-05T09:26:28.171Z [INFO] POST request started: https://restful-booker.herokuapp.com/auth
2026-09-05T09:26:29.506Z [INFO] POST request completed: https://restful-booker.herokuapp.com/auth
2026-09-05T09:26:29.506Z [INFO] Response status: 200
2026-09-05T09:26:29.572Z [INFO] POST request started: https://restful-booker.herokuapp.com/auth
2026-09-05T09:26:29.909Z [INFO] POST request completed: https://restful-booker.herokuapp.com/auth
2026-09-05T09:26:29.909Z [INFO] Response status: 200
2026-09-05T09:26:29.923Z [INFO] POST request started: https://restful-booker.herokuapp.com/auth
2026-09-05T09:26:30.284Z [INFO] POST request completed: https://restful-booker.herokuapp.com/auth
2026-09-05T09:26:30.284Z [INFO] Response status: 200
2026-09-05T09:26:30.296Z [INFO] POST request started: https://restful-booker.herokuapp.com/auth
2026-09-05T09:26:30.627Z [INFO] POST request completed: https://restful-booker.herokuapp.com/auth
2026-09-05T09:26:30.627Z [INFO] Response status: 200
2026-09-05T09:26:30.653Z [INFO] POST request started: https://restful-booker.herokuapp.com/auth
2026-09-05T09:26:30.935Z [INFO] POST request completed: https://restful-booker.herokuapp.com/auth
2026-09-05T09:26:30.935Z [INFO] Response status: 200
2026-09-05T09:26:30.953Z [INFO] POST request started: https://restful-booker.herokuapp.com/auth
2026-09-05T09:26:31.343Z [INFO] POST request completed: https://restful-booker.herokuapp.com/auth
2026-09-05T09:26:31.343Z [INFO] Response status: 200
2026-09-05T09:26:31.357Z [INFO] POST request started: https://restful-booker.herokuapp.com/auth
2026-09-05T09:26:31.650Z [INFO] POST request completed: https://restful-booker.herokuapp.com/auth
2026-09-05T09:26:31.650Z [INFO] Response status: 200
2026-09-05T09:26:31.662Z [INFO] POST request started: https://restful-booker.herokuapp.com/auth
2026-09-05T09:26:31.959Z [INFO] POST request completed: https://restful-booker.herokuapp.com/auth
2026-09-05T09:26:31.959Z [INFO] Response status: 200
2026-09-05T09:26:31.973Z [INFO] POST request started: https://restful-booker.herokuapp.com/auth
2026-09-05T09:26:32.369Z [INFO] POST request completed: https://restful-booker.herokuapp.com/auth
2026-09-05T09:26:32.369Z [INFO] Response status: 200
2026-09-05T09:26:32.381Z [INFO] POST request started: https://restful-booker.herokuapp.com/auth
2026-09-05T09:26:32.675Z [INFO] POST request completed: https://restful-booker.herokuapp.com/auth
2026-09-05T09:26:32.675Z [INFO] Response status: 200
2026-09-05T09:26:32.687Z [INFO] POST request started: https://restful-booker.herokuapp.com/auth
2026-09-05T09:26:32.988Z [INFO] POST request completed: https://restful-booker.herokuapp.com/auth
2026-09-05T09:26:32.988Z [INFO] Response status: 200
2026-09-05T09:26:33.009Z [INFO] POST request started: https://restful-booker.herokuapp.com/booking
2026-09-05T09:26:33.390Z [INFO] POST request completed: https://restful-booker.herokuapp.com/booking
2026-09-05T09:26:33.390Z [INFO] Response status: 200
2026-09-05T09:26:33.414Z [INFO] POST request started: https://restful-booker.herokuapp.com/booking
2026-09-05T09:26:33.730Z [INFO] POST request completed: https://restful-booker.herokuapp.com/booking
2026-09-05T09:26:33.730Z [INFO] Response status: 500
2026-09-05T09:26:33.742Z [INFO] POST request started: https://restful-booker.herokuapp.com/booking
2026-09-05T09:26:34.108Z [INFO] POST request completed: https://restful-booker.herokuapp.com/booking
2026-09-05T09:26:34.108Z [INFO] Response status: 200
2026-09-05T09:26:34.123Z [INFO] POST request started: https://restful-booker.herokuapp.com/booking
2026-09-05T09:26:34.518Z [INFO] POST request completed: https://restful-booker.herokuapp.com/booking
2026-09-05T09:26:34.518Z [INFO] Response status: 500
2026-09-05T09:26:34.529Z [INFO] POST request started: https://restful-booker.herokuapp.com/booking
2026-09-05T09:26:34.826Z [INFO] POST request completed: https://restful-booker.herokuapp.com/booking
2026-09-05T09:26:34.826Z [INFO] Response status: 200
2026-09-05T09:26:34.839Z [INFO] POST request started: https://restful-booker.herokuapp.com/booking
2026-09-05T09:26:35.233Z [INFO] POST request completed: https://restful-booker.herokuapp.com/booking
2026-09-05T09:26:35.234Z [INFO] Response status: 200
2026-09-05T09:26:35.242Z [INFO] POST request started: https://restful-booker.herokuapp.com/booking
2026-09-05T09:26:35.517Z [INFO] POST request completed: https://restful-booker.herokuapp.com/booking
2026-09-05T09:26:35.517Z [INFO] Response status: 500
2026-09-05T09:26:35.526Z [INFO] POST request started: https://restful-booker.herokuapp.com/booking
2026-09-05T09:26:35.848Z [INFO] POST request completed: https://restful-booker.herokuapp.com/booking
2026-09-05T09:26:35.849Z [INFO] Response status: 200
2026-09-05T09:26:35.868Z [INFO] POST request started: https://restful-booker.herokuapp.com/booking
2026-09-05T09:26:36.172Z [INFO] POST request completed: https://restful-booker.herokuapp.com/booking
2026-09-05T09:26:36.172Z [INFO] Response status: 500
2026-09-05T09:26:36.195Z [INFO] POST request started: https://restful-booker.herokuapp.com/booking
2026-09-05T09:26:36.478Z [INFO] POST request completed: https://restful-booker.herokuapp.com/booking
2026-09-05T09:26:36.479Z [INFO] Response status: 200
2026-09-05T09:26:55.461Z [INFO] POST request started: https://restful-booker.herokuapp.com/auth
2026-09-05T09:26:56.843Z [INFO] POST request completed: https://restful-booker.herokuapp.com/auth
2026-09-05T09:26:56.844Z [INFO] Response status: 200
2026-09-05T09:26:56.895Z [INFO] POST request started: https://restful-booker.herokuapp.com/auth
2026-09-05T09:26:57.163Z [INFO] POST request completed: https://restful-booker.herokuapp.com/auth
2026-09-05T09:26:57.163Z [INFO] Response status: 200
2026-09-05T09:26:57.176Z [INFO] POST request started: https://restful-booker.herokuapp.com/auth
2026-09-05T09:26:57.458Z [INFO] POST request completed: https://restful-booker.herokuapp.com/auth
2026-09-05T09:26:57.458Z [INFO] Response status: 200
2026-09-05T09:26:57.480Z [INFO] POST request started: https://restful-booker.herokuapp.com/auth
2026-09-05T09:26:57.749Z [INFO] POST request completed: https://restful-booker.herokuapp.com/auth
2026-09-05T09:26:57.749Z [INFO] Response status: 200
2026-09-05T09:26:57.772Z [INFO] POST request started: https://restful-booker.herokuapp.com/auth
2026-09-05T09:26:58.072Z [INFO] POST request completed: https://restful-booker.herokuapp.com/auth
2026-09-05T09:26:58.072Z [INFO] Response status: 200
2026-09-05T09:26:58.084Z [INFO] POST request started: https://restful-booker.herokuapp.com/auth
2026-09-05T09:26:58.379Z [INFO] POST request completed: https://restful-booker.herokuapp.com/auth
2026-09-05T09:26:58.379Z [INFO] Response status: 200
2026-09-05T09:26:58.391Z [INFO] POST request started: https://restful-booker.herokuapp.com/auth
2026-09-05T09:26:58.683Z [INFO] POST request completed: https://restful-booker.herokuapp.com/auth
2026-09-05T09:26:58.684Z [INFO] Response status: 200
2026-09-05T09:26:58.697Z [INFO] POST request started: https://restful-booker.herokuapp.com/auth
2026-09-05T09:26:58.961Z [INFO] POST request completed: https://restful-booker.herokuapp.com/auth
2026-09-05T09:26:58.962Z [INFO] Response status: 200
2026-09-05T09:26:58.970Z [INFO] POST request started: https://restful-booker.herokuapp.com/auth
2026-09-05T09:26:59.303Z [INFO] POST request completed: https://restful-booker.herokuapp.com/auth
2026-09-05T09:26:59.303Z [INFO] Response status: 200
2026-09-05T09:26:59.312Z [INFO] POST request started: https://restful-booker.herokuapp.com/auth
2026-09-05T09:26:59.578Z [INFO] POST request completed: https://restful-booker.herokuapp.com/auth
2026-09-05T09:26:59.578Z [INFO] Response status: 200
2026-09-05T09:26:59.586Z [INFO] POST request started: https://restful-booker.herokuapp.com/auth
2026-09-05T09:26:59.863Z [INFO] POST request completed: https://restful-booker.herokuapp.com/auth
2026-09-05T09:26:59.863Z [INFO] Response status: 200
2026-09-05T09:26:59.882Z [INFO] POST request started: https://restful-booker.herokuapp.com/booking
2026-09-05T09:27:00.222Z [INFO] POST request completed: https://restful-booker.herokuapp.com/booking
2026-09-05T09:27:00.222Z [INFO] Response status: 200
2026-09-05T09:27:00.233Z [INFO] POST request started: https://restful-booker.herokuapp.com/booking
2026-09-05T09:27:00.528Z [INFO] POST request completed: https://restful-booker.herokuapp.com/booking
2026-09-05T09:27:00.528Z [INFO] Response status: 500
2026-09-05T09:27:00.536Z [INFO] POST request started: https://restful-booker.herokuapp.com/booking
2026-09-05T09:27:00.835Z [INFO] POST request completed: https://restful-booker.herokuapp.com/booking
2026-09-05T09:27:00.835Z [INFO] Response status: 200
2026-09-05T09:27:00.842Z [INFO] POST request started: https://restful-booker.herokuapp.com/booking
2026-09-05T09:27:01.142Z [INFO] POST request completed: https://restful-booker.herokuapp.com/booking
2026-09-05T09:27:01.142Z [INFO] Response status: 500
2026-09-05T09:27:01.148Z [INFO] POST request started: https://restful-booker.herokuapp.com/booking
2026-09-05T09:27:01.460Z [INFO] POST request completed: https://restful-booker.herokuapp.com/booking
2026-09-05T09:27:01.460Z [INFO] Response status: 200
2026-09-05T09:27:01.468Z [INFO] POST request started: https://restful-booker.herokuapp.com/booking
2026-09-05T09:27:01.756Z [INFO] POST request completed: https://restful-booker.herokuapp.com/booking
2026-09-05T09:27:01.757Z [INFO] Response status: 200
2026-09-05T09:27:01.772Z [INFO] POST request started: https://restful-booker.herokuapp.com/booking
2026-09-05T09:27:02.067Z [INFO] POST request completed: https://restful-booker.herokuapp.com/booking
2026-09-05T09:27:02.067Z [INFO] Response status: 500
2026-09-05T09:27:02.074Z [INFO] POST request started: https://restful-booker.herokuapp.com/booking
2026-09-05T09:27:02.370Z [INFO] POST request completed: https://restful-booker.herokuapp.com/booking
2026-09-05T09:27:02.370Z [INFO] Response status: 200
2026-09-05T09:27:02.377Z [INFO] POST request started: https://restful-booker.herokuapp.com/booking
2026-09-05T09:27:02.674Z [INFO] POST request completed: https://restful-booker.herokuapp.com/booking
2026-09-05T09:27:02.674Z [INFO] Response status: 500
2026-09-05T09:27:02.686Z [INFO] POST request started: https://restful-booker.herokuapp.com/booking
2026-09-05T09:27:02.985Z [INFO] POST request completed: https://restful-booker.herokuapp.com/booking
2026-09-05T09:27:02.985Z [INFO] Response status: 200
